i> 0024D2FD Storage root: /home/nick/.local/share/Xenia
i> 0024D2FD Content root: /home/nick/.local/share/Xenia/content
i> 0024D2FD Host cache root: /home/nick/.local/share/Xenia/cache_host
i> 0024D30F Setup: Initializing Memory...
i> 0024D30F Setup: Initializing Exports...
i> 0024D30F Setup: Initializing Processor...
i> 0024D30F Setup: Initializing Audio...
i> 0024D30F Setup: Initializing Graphics...
i> 0024D30F Setup: Initializing HID...
i> 0024D30F keyboard: "0x08" binds key 0x8 to controller input GUIDE.
i> 0024D30F keyboard: "^A" binds key 0x41 to controller input DPAD_LEFT.
i> 0024D30F keyboard: "^D" binds key 0x44 to controller input DPAD_RIGHT.
i> 0024D30F keyboard: "^S" binds key 0x53 to controller input DPAD_DOWN.
i> 0024D30F keyboard: "^W" binds key 0x57 to controller input DPAD_UP.
i> 0024D30F keyboard: "_A" binds key 0x41 to controller input LEFT_THUMB_LEFT.
i> 0024D30F keyboard: "_D" binds key 0x44 to controller input LEFT_THUMB_RIGHT.
i> 0024D30F keyboard: "_S" binds key 0x53 to controller input LEFT_THUMB_DOWN.
i> 0024D30F keyboard: "_W" binds key 0x57 to controller input LEFT_THUMB_UP.
i> 0024D30F keyboard: "F" binds key 0x46 to controller input LEFT_THUMB_PRESSED.
i> 0024D30F keyboard: "0x26" binds key 0x26 to controller input RIGHT_THUMB_UP.
i> 0024D30F keyboard: "0x28" binds key 0x28 to controller input RIGHT_THUMB_DOWN.
i> 0024D30F keyboard: "0x27" binds key 0x27 to controller input RIGHT_THUMB_RIGHT.
i> 0024D30F keyboard: "0x25" binds key 0x25 to controller input RIGHT_THUMB_LEFT.
i> 0024D30F keyboard: "K" binds key 0x4B to controller input RIGHT_THUMB_PRESSED.
i> 0024D30F keyboard: "L" binds key 0x4C to controller input X.
i> 0024D30F keyboard: "0xDE" binds key 0xDE to controller input B.
i> 0024D30F keyboard: "0xBA" binds key 0xBA to controller input A.
i> 0024D30F keyboard: "P" binds key 0x50 to controller input Y.
i> 0024D30F keyboard: "Q" binds key 0x51 to controller input LEFT_TRIGGER.
i> 0024D30F keyboard: "I" binds key 0x49 to controller input LEFT_TRIGGER.
i> 0024D30F keyboard: "E" binds key 0x45 to controller input RIGHT_TRIGGER.
i> 0024D30F keyboard: "O" binds key 0x4F to controller input RIGHT_TRIGGER.
i> 0024D30F keyboard: "Z" binds key 0x5A to controller input BACK.
i> 0024D30F keyboard: "X" binds key 0x58 to controller input START.
i> 0024D30F keyboard: "1" binds key 0x31 to controller input LEFT_SHOULDER.
i> 0024D30F keyboard: "3" binds key 0x33 to controller input RIGHT_SHOULDER.
i> 0024D2FD SDL Version 2.30.0 initialized.
w> 0024D2FD SDL GameControllerDB: file 'gamecontrollerdb.txt' does not exist.
i> 0024D30F Setup: Initializing VFS...
i> 0024D30F PatchDB: Loaded patches for 0 titles
i> 0024D30F Setup: Initializing Kernel...
i> 0024D30F ProfileManager: Found 0 Profiles
w> 0024D30F BaseHeap::AllocFixed attempting commit on unreserved page
w> 0024D30F BaseHeap::AllocFixed attempting commit on unreserved page
w> 0024D30F BaseHeap::AllocFixed attempting commit on unreserved page
i> 0024D30F Setup: Starting graphics_system...
i> 0024D30F Vulkan instance API version 1.4.341. Enabled layers and extensions:
i> 0024D30F * VK_KHR_surface
i> 0024D30F * VK_KHR_xcb_surface
i> 0024D30F * VK_EXT_debug_utils
i> 0024D30F * VK_KHR_portability_enumeration
i> 0024D30F Vulkan Info ({ General }, ID 0: Loader Message): linux_read_sorted_physical_devices: (object 0: Instance 0x73492c06e1d0)
i> 0024D30F Vulkan Info ({ General }, ID 0: Loader Message):      Original order: (object 0: Instance 0x73492c06e1d0)
i> 0024D30F Vulkan Info ({ General }, ID 0: Loader Message):            [0] NVIDIA GeForce RTX 4080 (object 0: Instance 0x73492c06e1d0)
i> 0024D30F Vulkan Info ({ General }, ID 0: Loader Message):            [1] llvmpipe (LLVM 21.1.8, 256 bits) (object 0: Instance 0x73492c06e1d0)
i> 0024D30F Vulkan Info ({ General }, ID 0: Loader Message):      Sorted order: (object 0: Instance 0x73492c06e1d0)
i> 0024D30F Vulkan Info ({ General }, ID 0: Loader Message):            [0] NVIDIA GeForce RTX 4080   (object 0: Instance 0x73492c06e1d0)
i> 0024D30F Vulkan Info ({ General }, ID 0: Loader Message):            [1] llvmpipe (LLVM 21.1.8, 256 bits)   (object 0: Instance 0x73492c06e1d0)
i> 0024D30F Vulkan Info ({ General }, ID 0: Loader Message): linux_read_sorted_physical_devices: (object 0: Instance 0x73492c06e1d0)
i> 0024D30F Vulkan Info ({ General }, ID 0: Loader Message):      Original order: (object 0: Instance 0x73492c06e1d0)
i> 0024D30F Vulkan Info ({ General }, ID 0: Loader Message):            [0] NVIDIA GeForce RTX 4080 (object 0: Instance 0x73492c06e1d0)
i> 0024D30F Vulkan Info ({ General }, ID 0: Loader Message):            [1] llvmpipe (LLVM 21.1.8, 256 bits) (object 0: Instance 0x73492c06e1d0)
i> 0024D30F Vulkan Info ({ General }, ID 0: Loader Message):      Sorted order: (object 0: Instance 0x73492c06e1d0)
i> 0024D30F Vulkan Info ({ General }, ID 0: Loader Message):            [0] NVIDIA GeForce RTX 4080   (object 0: Instance 0x73492c06e1d0)
i> 0024D30F Vulkan Info ({ General }, ID 0: Loader Message):            [1] llvmpipe (LLVM 21.1.8, 256 bits)   (object 0: Instance 0x73492c06e1d0)
i> 0024D30F Vulkan Info ({ General }, ID 0: Loader Message): linux_read_sorted_physical_devices: (object 0: Instance 0x73492c06e1d0)
i> 0024D30F Vulkan Info ({ General }, ID 0: Loader Message):      Original order: (object 0: Instance 0x73492c06e1d0)
i> 0024D30F Vulkan Info ({ General }, ID 0: Loader Message):            [0] NVIDIA GeForce RTX 4080 (object 0: Instance 0x73492c06e1d0)
i> 0024D30F Vulkan Info ({ General }, ID 0: Loader Message):            [1] llvmpipe (LLVM 21.1.8, 256 bits) (object 0: Instance 0x73492c06e1d0)
i> 0024D30F Vulkan Info ({ General }, ID 0: Loader Message):      Sorted order: (object 0: Instance 0x73492c06e1d0)
i> 0024D30F Vulkan Info ({ General }, ID 0: Loader Message):            [0] NVIDIA GeForce RTX 4080   (object 0: Instance 0x73492c06e1d0)
i> 0024D30F Vulkan Info ({ General }, ID 0: Loader Message):            [1] llvmpipe (LLVM 21.1.8, 256 bits)   (object 0: Instance 0x73492c06e1d0)
i> 0024D30F Vulkan Info ({ General }, ID 0: Loader Message): linux_read_sorted_physical_devices: (object 0: Instance 0x73492c06e1d0)
i> 0024D30F Vulkan Info ({ General }, ID 0: Loader Message):      Original order: (object 0: Instance 0x73492c06e1d0)
i> 0024D30F Vulkan Info ({ General }, ID 0: Loader Message):            [0] NVIDIA GeForce RTX 4080 (object 0: Instance 0x73492c06e1d0)
i> 0024D30F Vulkan Info ({ General }, ID 0: Loader Message):            [1] llvmpipe (LLVM 21.1.8, 256 bits) (object 0: Instance 0x73492c06e1d0)
i> 0024D30F Vulkan Info ({ General }, ID 0: Loader Message):      Sorted order: (object 0: Instance 0x73492c06e1d0)
i> 0024D30F Vulkan Info ({ General }, ID 0: Loader Message):            [0] NVIDIA GeForce RTX 4080   (object 0: Instance 0x73492c06e1d0)
i> 0024D30F Vulkan Info ({ General }, ID 0: Loader Message):            [1] llvmpipe (LLVM 21.1.8, 256 bits)   (object 0: Instance 0x73492c06e1d0)
i> 0024D30F Vulkan Info ({ General }, ID 0: Loader Message): Removing driver /usr/lib/x86_64-linux-gnu/libvulkan_virtio.so due to not having any physical devices (object 0: Instance 0x73492c06e1d0)
i> 0024D30F Vulkan Info ({ General }, ID 0: Loader Message): Removing driver /usr/lib/x86_64-linux-gnu/libvulkan_intel_hasvk.so due to not having any physical devices (object 0: Instance 0x73492c06e1d0)
i> 0024D30F Vulkan Info ({ General }, ID 0: Loader Message): Removing driver /usr/lib/x86_64-linux-gnu/libvulkan_asahi.so due to not having any physical devices (object 0: Instance 0x73492c06e1d0)
i> 0024D30F Vulkan Info ({ General }, ID 0: Loader Message): Removing driver /usr/lib/x86_64-linux-gnu/libvulkan_intel.so due to not having any physical devices (object 0: Instance 0x73492c06e1d0)
i> 0024D30F Vulkan Info ({ General }, ID 0: Loader Message): Removing driver /usr/lib/x86_64-linux-gnu/libvulkan_gfxstream.so due to not having any physical devices (object 0: Instance 0x73492c06e1d0)
i> 0024D30F Vulkan Info ({ General }, ID 0: Loader Message): Removing driver /usr/lib/x86_64-linux-gnu/libvulkan_nouveau.so due to not having any physical devices (object 0: Instance 0x73492c06e1d0)
i> 0024D30F Vulkan Info ({ General }, ID 0: Loader Message): Removing driver /usr/lib/x86_64-linux-gnu/libvulkan_radeon.so due to not having any physical devices (object 0: Instance 0x73492c06e1d0)
w> 0024D30F Available Vulkan physical devices (use the 'vulkan_device' configuration variable to force a specific device):
w> 0024D30F * 0: NVIDIA GeForce RTX 4080
w> 0024D30F * 1: llvmpipe (LLVM 21.1.8, 256 bits)
i> 0024D30F Vulkan device 'NVIDIA GeForce RTX 4080': API 1.4.329 (1.3 used), vendor 0x10DE, device 0x2704, driver version 0x94D6C1C0
i> 0024D30F Enabled Vulkan device extensions:
i> 0024D30F * VK_KHR_swapchain
i> 0024D30F * VK_EXT_conditional_rendering
i> 0024D30F * VK_EXT_custom_border_color
i> 0024D30F * VK_EXT_fragment_shader_interlock
i> 0024D30F * VK_EXT_memory_budget
i> 0024D30F * VK_EXT_non_seamless_cube_map
i> 0024D30F Vulkan device properties and enabled features:
i> 0024D30F * driverID: NvidiaProprietary
i> 0024D30F * driverName: NVIDIA
i> 0024D30F * driverInfo: 595.91.07
i> 0024D30F * conformanceVersion: 1.4.3.3
i> 0024D30F * maxImageDimension2D: 32768
i> 0024D30F * maxImageDimension3D: 16384
i> 0024D30F * maxImageDimensionCube: 32768
i> 0024D30F * maxImageArrayLayers: 2048
i> 0024D30F * maxStorageBufferRange: 4294967295
i> 0024D30F * maxSamplerAllocationCount: 4000
i> 0024D30F * maxPerStageDescriptorSamplers: 1048576
i> 0024D30F * maxPerStageDescriptorStorageBuffers: 1048576
i> 0024D30F * maxPerStageDescriptorSampledImages: 1048576
i> 0024D30F * maxPerStageResources: 4294967295
i> 0024D30F * maxVertexOutputComponents: 128
i> 0024D30F * maxTessellationEvaluationOutputComponents: 128
i> 0024D30F * maxGeometryInputComponents: 128
i> 0024D30F * maxGeometryOutputComponents: 128
i> 0024D30F * maxFragmentInputComponents: 128
i> 0024D30F * maxFragmentCombinedOutputResources: 4294967295
i> 0024D30F * maxSamplerAnisotropy: 16
i> 0024D30F * maxViewportDimensions[0]: 32768
i> 0024D30F * maxViewportDimensions[1]: 32768
i> 0024D30F * minUniformBufferOffsetAlignment: 64
i> 0024D30F * minStorageBufferOffsetAlignment: 16
i> 0024D30F * maxFramebufferWidth: 32768
i> 0024D30F * maxFramebufferHeight: 32768
i> 0024D30F * framebufferColorSampleCounts: { 1 | 2 | 4 | 8 }
i> 0024D30F * framebufferDepthSampleCounts: { 1 | 2 | 4 | 8 }
i> 0024D30F * framebufferStencilSampleCounts: { 1 | 2 | 4 | 8 | 16 }
i> 0024D30F * framebufferNoAttachmentsSampleCounts: { 1 | 2 | 4 | 8 | 16 }
i> 0024D30F * sampledImageColorSampleCounts: { 1 | 2 | 4 | 8 }
i> 0024D30F * sampledImageIntegerSampleCounts: { 1 | 2 | 4 | 8 }
i> 0024D30F * sampledImageDepthSampleCounts: { 1 | 2 | 4 | 8 }
i> 0024D30F * sampledImageStencilSampleCounts: { 1 | 2 | 4 | 8 | 16 }
i> 0024D30F * standardSampleLocations: 1
i> 0024D30F * optimalBufferCopyOffsetAlignment: 1
i> 0024D30F * optimalBufferCopyRowPitchAlignment: 1
i> 0024D30F * nonCoherentAtomSize: 64
i> 0024D30F * robustBufferAccess
i> 0024D30F * fullDrawIndexUint32
i> 0024D30F * independentBlend
i> 0024D30F * geometryShader
i> 0024D30F * tessellationShader
i> 0024D30F * sampleRateShading
i> 0024D30F * depthClamp
i> 0024D30F * fillModeNonSolid
i> 0024D30F * samplerAnisotropy
i> 0024D30F * occlusionQueryPrecise
i> 0024D30F * vertexPipelineStoresAndAtomics
i> 0024D30F * fragmentStoresAndAtomics
i> 0024D30F * shaderClipDistance
i> 0024D30F * shaderCullDistance
i> 0024D30F * sparseBinding
i> 0024D30F * sparseResidencyBuffer
i> 0024D30F * samplerMirrorClampToEdge
i> 0024D30F * uniformBufferStandardLayout
i> 0024D30F * scalarBlockLayout
i> 0024D30F * hostQueryReset
i> 0024D30F * shaderDemoteToHelperInvocation
i> 0024D30F * constantAlphaColorBlendFactors
i> 0024D30F * imageViewFormatReinterpretation
i> 0024D30F * imageViewFormatSwizzle
i> 0024D30F * pointPolygons
i> 0024D30F * separateStencilMaskRef
i> 0024D30F * shaderSampleRateInterpolationFunctions
i> 0024D30F * triangleFans
i> 0024D30F * shaderSignedZeroInfNanPreserveFloat32: 1
i> 0024D30F * shaderDenormFlushToZeroFloat32: 0
i> 0024D30F * shaderRoundingModeRTEFloat32: 1
i> 0024D30F * fragmentShaderSampleInterlock
i> 0024D30F * fragmentShaderPixelInterlock
i> 0024D30F * nonSeamlessCubeMap
i> 0024D30F * customBorderColors
i> 0024D30F * customBorderColorWithoutFormat
i> 0024D30F * conditionalRendering
i> 0024D30F Vulkan Info ({ General }, ID 0: Loader Message): Failed to find vkGetDeviceProcAddr in layer "/usr/lib/x86_64-linux-gnu/libVkLayer_MESA_device_select.so" (object 0: Instance 0x73492c06e1d0)
i> 0024D30F Vulkan Info ({ General }, ID 0: Loader Message): vkCreateDevice layer callstack setup to: (object 0: Instance 0x73492c06e1d0)
i> 0024D30F Vulkan Info ({ General }, ID 0: Loader Message):    <Application> (object 0: Instance 0x73492c06e1d0)
i> 0024D30F Vulkan Info ({ General }, ID 0: Loader Message):      || (object 0: Instance 0x73492c06e1d0)
i> 0024D30F Vulkan Info ({ General }, ID 0: Loader Message):    <Loader> (object 0: Instance 0x73492c06e1d0)
i> 0024D30F Vulkan Info ({ General }, ID 0: Loader Message):      || (object 0: Instance 0x73492c06e1d0)
i> 0024D30F Vulkan Info ({ General }, ID 0: Loader Message):    <Device> (object 0: Instance 0x73492c06e1d0)
i> 0024D30F Vulkan Info ({ General }, ID 0: Loader Message):        Using "NVIDIA GeForce RTX 4080" with driver: "/usr/lib/x86_64-linux-gnu/libGLX_nvidia.so.595.91.07" (object 0: Instance 0x73492c06e1d0)
i> 0024D30F XThread0100000C (1) Stack: 70010000-70030000
K> 0100000C XThread::Execute thid 1 (handle=0100000C, 'GPU Commands (0100000C)', native=FFFFF6C0, <host>)
i> 0024D30F XThread01000010 (2) Stack: 70050000-70070000
i> 0024D30F Setup: Starting audio_system...
K> 01000010 XThread::Execute thid 2 (handle=01000010, 'GPU Frame limiter (01000010)', native=FEFFE6C0, <host>)
i> 0024D30F XThread01000014 (3) Stack: 70090000-700B0000
K> 01000014 XThread::Execute thid 3 (handle=01000014, 'XMA Decoder (01000014)', native=FDFFD6C0, <host>)
i> 0024D30F XThread01000018 (4) Stack: 700D0000-700F0000
K> 01000018 XThread::Execute thid 4 (handle=01000018, 'Audio Worker (01000018)', native=E7FFF6C0, <host>)
!> 0024D2FD GTKWindow: The window system of the GTK window is not supported by Xenia
i> 0024D2FD Checking for XISO
F> 0024D2FD DiscImageDevice::Initialize
i> 0024D2FD Checking for XISO
F> 0024D2FD DiscImageDevice::Initialize
F> 0024D2FD DiscImageDevice::Initialize
i> 0024D2FD Loading module GAME:\default.xex
F> 0024D2FD DiscImageDevice::ResolvePath(\default.xex)
i> 0024D2FD Module \Device\Cdrom0\Default.xex:
Module Hash: BA6DF28E17318C1B
    Module Flags: 00000001
      XEX_MODULE_TITLE
Security Header:
     Image Flags: 00000008
       XEX_IMAGE_XGD2_MEDIA_ONLY
    Load Address: 82000000
      Image Size: 01460000
    Export Table: 00000000
Optional Header Count: 15
  XEX_HEADER_RESOURCE_INFO:
    01D7DC73 833A0000-833A0014, 20b
    MyDigest 833A0080-833A00A0, 32b
    4D5307DE 833A0100-834547FF, 739071b
  XEX_HEADER_FILE_FORMAT_INFO:
           Info Size: 32
     Encryption Type: Normal
    Compression Type: Basic
          Data Size: 19333120
          Zero Size: 1179648
  XEX_HEADER_ENTRY_POINT: 82A46B18
  XEX_HEADER_IMAGE_BASE_ADDRESS: 82000000
  XEX_HEADER_IMPORT_LIBRARIES:
    xam.xex - 164 imports
      Version: 2.0.6995.0
      Min Version: 2.0.6690.0
    xboxkrnl.exe - 331 imports
      Version: 2.0.6995.0
      Min Version: 2.0.6690.0
  XEX_HEADER_CHECKSUM_TIMESTAMP:
    Checksum : 0148ABE7
    Time Stamp: 4885367F - Mon Jul 21 21:23:11 2008
  XEX_HEADER_ORIGINAL_PE_NAME: TH1-Release_LTCG.exe
  XEX_HEADER_STATIC_LIBRARIES:
    XAPILIB  : 2.0.6995.1
    XBOXKRNL : 2.0.6995.0
    LIBCPMT  : 2.0.6995.0
    XMP      : 2.0.6995.0
    D3DX9    : 2.0.6995.0
    XGRAPHC  : 2.0.6995.0
    XMEDIA   : 2.0.6995.0
    XNET     : 2.0.6995.0
    X3DAUD   : 2.0.6995.0
    XONLINE  : 2.0.6995.0
    XHV      : 2.0.6995.0
    D3D9LTCG : 2.0.6995.0
    XAUDLTCG : 2.0.6995.0
  XEX_HEADER_TLS_INFO:
          Slot Count: 64
    Raw Data Address: 83390800
           Data Size: 1104
       Raw Data Size: 1104
  XEX_HEADER_DEFAULT_STACK_SIZE: 262144
  XEX_HEADER_SYSTEM_FLAGS: 00000600
    XEX_SYSTEM_PAL50_INCOMPATIBLE
    XEX_SYSTEM_USES_GAME_VOICE_CHANNEL
  XEX_HEADER_EXECUTION_INFO:
       Media ID: 6A74FE0E
       Title ID: 4D5307DE
    Savegame ID: 4D5307DE
    Disc Number / Total: 1 / 1
  XEX_HEADER_GAME_RATINGS:
          ESRB: Teen
          PEGI: Unrated
          PEGI-FI: Unrated
          PEGI - PT: Unrated
          BBFC: Unrated
          CERO: Unrated
          USK: Unrated
          OFLC - AU: Unrated
          OFLC - NZ: Unrated
          KMRB: Unrated
          Brazil: Unrated
          FPB: Unrated
  XEX_HEADER_LAN_KEY: 68 95 78 AE 12 08 AF 9C A4 D3 F5 CA 7F C5 77 96
  XEX_HEADER_XBOX360_LOGO:
          Section Size: 1736
          Logo Size: 1728
Sections:
    0 RODATA    1 pages    82000000 - 82010000 (65536 bytes)
    1 RODATA    1 pages    82010000 - 82020000 (65536 bytes)
    2 RODATA    1 pages    82020000 - 82030000 (65536 bytes)
    3 RODATA    1 pages    82030000 - 82040000 (65536 bytes)
    4 RODATA    1 pages    82040000 - 82050000 (65536 bytes)
    5 RODATA    1 pages    82050000 - 82060000 (65536 bytes)
    6 RODATA    1 pages    82060000 - 82070000 (65536 bytes)
    7 RODATA    1 pages    82070000 - 82080000 (65536 bytes)
    8 RODATA    1 pages    82080000 - 82090000 (65536 bytes)
    9 RODATA    1 pages    82090000 - 820A0000 (65536 bytes)
   10 RODATA    1 pages    820A0000 - 820B0000 (65536 bytes)
   11 RODATA    1 pages    820B0000 - 820C0000 (65536 bytes)
   12 RODATA    1 pages    820C0000 - 820D0000 (65536 bytes)
   13 RODATA    1 pages    820D0000 - 820E0000 (65536 bytes)
   14 RODATA    1 pages    820E0000 - 820F0000 (65536 bytes)
   15 RODATA    1 pages    820F0000 - 82100000 (65536 bytes)
   16 RODATA    1 pages    82100000 - 82110000 (65536 bytes)
   17 RODATA    1 pages    82110000 - 82120000 (65536 bytes)
   18 RODATA    1 pages    82120000 - 82130000 (65536 bytes)
   19 RODATA    1 pages    82130000 - 82140000 (65536 bytes)
   20 RODATA    1 pages    82140000 - 82150000 (65536 bytes)
   21 RODATA    1 pages    82150000 - 82160000 (65536 bytes)
   22 RODATA    1 pages    82160000 - 82170000 (65536 bytes)
   23 RODATA    1 pages    82170000 - 82180000 (65536 bytes)
   24 RODATA    1 pages    82180000 - 82190000 (65536 bytes)
   25 RODATA    1 pages    82190000 - 821A0000 (65536 bytes)
   26 RODATA    1 pages    821A0000 - 821B0000 (65536 bytes)
   27 RODATA    1 pages    821B0000 - 821C0000 (65536 bytes)
   28 RODATA    1 pages    821C0000 - 821D0000 (65536 bytes)
   29 RODATA    1 pages    821D0000 - 821E0000 (65536 bytes)
   30 RODATA    1 pages    821E0000 - 821F0000 (65536 bytes)
   31 RODATA    1 pages    821F0000 - 82200000 (65536 bytes)
   32 RODATA    1 pages    82200000 - 82210000 (65536 bytes)
   33 RODATA    1 pages    82210000 - 82220000 (65536 bytes)
   34 RODATA    1 pages    82220000 - 82230000 (65536 bytes)
   35 RODATA    1 pages    82230000 - 82240000 (65536 bytes)
   36 RODATA    1 pages    82240000 - 82250000 (65536 bytes)
   37 RODATA    1 pages    82250000 - 82260000 (65536 bytes)
   38 RODATA    1 pages    82260000 - 82270000 (65536 bytes)
   39 RODATA    1 pages    82270000 - 82280000 (65536 bytes)
   40 RODATA    1 pages    82280000 - 82290000 (65536 bytes)
   41 RODATA    1 pages    82290000 - 822A0000 (65536 bytes)
   42 RODATA    1 pages    822A0000 - 822B0000 (65536 bytes)
   43 RODATA    1 pages    822B0000 - 822C0000 (65536 bytes)
   44 RODATA    1 pages    822C0000 - 822D0000 (65536 bytes)
   45 RODATA    1 pages    822D0000 - 822E0000 (65536 bytes)
   46 RODATA    1 pages    822E0000 - 822F0000 (65536 bytes)
   47 RODATA    1 pages    822F0000 - 82300000 (65536 bytes)
   48 RODATA    1 pages    82300000 - 82310000 (65536 bytes)
   49 RODATA    1 pages    82310000 - 82320000 (65536 bytes)
   50 RODATA    1 pages    82320000 - 82330000 (65536 bytes)
   51 CODE      1 pages    82330000 - 82340000 (65536 bytes)
   52 CODE      1 pages    82340000 - 82350000 (65536 bytes)
   53 CODE      1 pages    82350000 - 82360000 (65536 bytes)
   54 CODE      1 pages    82360000 - 82370000 (65536 bytes)
   55 CODE      1 pages    82370000 - 82380000 (65536 bytes)
   56 CODE      1 pages    82380000 - 82390000 (65536 bytes)
   57 CODE      1 pages    82390000 - 823A0000 (65536 bytes)
   58 CODE      1 pages    823A0000 - 823B0000 (65536 bytes)
   59 CODE      1 pages    823B0000 - 823C0000 (65536 bytes)
   60 CODE      1 pages    823C0000 - 823D0000 (65536 bytes)
   61 CODE      1 pages    823D0000 - 823E0000 (65536 bytes)
   62 CODE      1 pages    823E0000 - 823F0000 (65536 bytes)
   63 CODE      1 pages    823F0000 - 82400000 (65536 bytes)
   64 CODE      1 pages    82400000 - 82410000 (65536 bytes)
   65 CODE      1 pages    82410000 - 82420000 (65536 bytes)
   66 CODE      1 pages    82420000 - 82430000 (65536 bytes)
   67 CODE      1 pages    82430000 - 82440000 (65536 bytes)
   68 CODE      1 pages    82440000 - 82450000 (65536 bytes)
   69 CODE      1 pages    82450000 - 82460000 (65536 bytes)
   70 CODE      1 pages    82460000 - 82470000 (65536 bytes)
   71 CODE      1 pages    82470000 - 82480000 (65536 bytes)
   72 CODE      1 pages    82480000 - 82490000 (65536 bytes)
   73 CODE      1 pages    82490000 - 824A0000 (65536 bytes)
   74 CODE      1 pages    824A0000 - 824B0000 (65536 bytes)
   75 CODE      1 pages    824B0000 - 824C0000 (65536 bytes)
   76 CODE      1 pages    824C0000 - 824D0000 (65536 bytes)
   77 CODE      1 pages    824D0000 - 824E0000 (65536 bytes)
   78 CODE      1 pages    824E0000 - 824F0000 (65536 bytes)
   79 CODE      1 pages    824F0000 - 82500000 (65536 bytes)
   80 CODE      1 pages    82500000 - 82510000 (65536 bytes)
   81 CODE      1 pages    82510000 - 82520000 (65536 bytes)
   82 CODE      1 pages    82520000 - 82530000 (65536 bytes)
   83 CODE      1 pages    82530000 - 82540000 (65536 bytes)
   84 CODE      1 pages    82540000 - 82550000 (65536 bytes)
   85 CODE      1 pages    82550000 - 82560000 (65536 bytes)
   86 CODE      1 pages    82560000 - 82570000 (65536 bytes)
   87 CODE      1 pages    82570000 - 82580000 (65536 bytes)
   88 CODE      1 pages    82580000 - 82590000 (65536 bytes)
   89 CODE      1 pages    82590000 - 825A0000 (65536 bytes)
   90 CODE      1 pages    825A0000 - 825B0000 (65536 bytes)
   91 CODE      1 pages    825B0000 - 825C0000 (65536 bytes)
   92 CODE      1 pages    825C0000 - 825D0000 (65536 bytes)
   93 CODE      1 pages    825D0000 - 825E0000 (65536 bytes)
   94 CODE      1 pages    825E0000 - 825F0000 (65536 bytes)
   95 CODE      1 pages    825F0000 - 82600000 (65536 bytes)
   96 CODE      1 pages    82600000 - 82610000 (65536 bytes)
   97 CODE      1 pages    82610000 - 82620000 (65536 bytes)
   98 CODE      1 pages    82620000 - 82630000 (65536 bytes)
   99 CODE      1 pages    82630000 - 82640000 (65536 bytes)
  100 CODE      1 pages    82640000 - 82650000 (65536 bytes)
  101 CODE      1 pages    82650000 - 82660000 (65536 bytes)
  102 CODE      1 pages    82660000 - 82670000 (65536 bytes)
  103 CODE      1 pages    82670000 - 82680000 (65536 bytes)
  104 CODE      1 pages    82680000 - 82690000 (65536 bytes)
  105 CODE      1 pages    82690000 - 826A0000 (65536 bytes)
  106 CODE      1 pages    826A0000 - 826B0000 (65536 bytes)
  107 CODE      1 pages    826B0000 - 826C0000 (65536 bytes)
  108 CODE      1 pages    826C0000 - 826D0000 (65536 bytes)
  109 CODE      1 pages    826D0000 - 826E0000 (65536 bytes)
  110 CODE      1 pages    826E0000 - 826F0000 (65536 bytes)
  111 CODE      1 pages    826F0000 - 82700000 (65536 bytes)
  112 CODE      1 pages    82700000 - 82710000 (65536 bytes)
  113 CODE      1 pages    82710000 - 82720000 (65536 bytes)
  114 CODE      1 pages    82720000 - 82730000 (65536 bytes)
  115 CODE      1 pages    82730000 - 82740000 (65536 bytes)
  116 CODE      1 pages    82740000 - 82750000 (65536 bytes)
  117 CODE      1 pages    82750000 - 82760000 (65536 bytes)
  118 CODE      1 pages    82760000 - 82770000 (65536 bytes)
  119 CODE      1 pages    82770000 - 82780000 (65536 bytes)
  120 CODE      1 pages    82780000 - 82790000 (65536 bytes)
  121 CODE      1 pages    82790000 - 827A0000 (65536 bytes)
  122 CODE      1 pages    827A0000 - 827B0000 (65536 bytes)
  123 CODE      1 pages    827B0000 - 827C0000 (65536 bytes)
  124 CODE      1 pages    827C0000 - 827D0000 (65536 bytes)
  125 CODE      1 pages    827D0000 - 827E0000 (65536 bytes)
  126 CODE      1 pages    827E0000 - 827F0000 (65536 bytes)
  127 CODE      1 pages    827F0000 - 82800000 (65536 bytes)
  128 CODE      1 pages    82800000 - 82810000 (65536 bytes)
  129 CODE      1 pages    82810000 - 82820000 (65536 bytes)
  130 CODE      1 pages    82820000 - 82830000 (65536 bytes)
  131 CODE      1 pages    82830000 - 82840000 (65536 bytes)
  132 CODE      1 pages    82840000 - 82850000 (65536 bytes)
  133 CODE      1 pages    82850000 - 82860000 (65536 bytes)
  134 CODE      1 pages    82860000 - 82870000 (65536 bytes)
  135 CODE      1 pages    82870000 - 82880000 (65536 bytes)
  136 CODE      1 pages    82880000 - 82890000 (65536 bytes)
  137 CODE      1 pages    82890000 - 828A0000 (65536 bytes)
  138 CODE      1 pages    828A0000 - 828B0000 (65536 bytes)
  139 CODE      1 pages    828B0000 - 828C0000 (65536 bytes)
  140 CODE      1 pages    828C0000 - 828D0000 (65536 bytes)
  141 CODE      1 pages    828D0000 - 828E0000 (65536 bytes)
  142 CODE      1 pages    828E0000 - 828F0000 (65536 bytes)
  143 CODE      1 pages    828F0000 - 82900000 (65536 bytes)
  144 CODE      1 pages    82900000 - 82910000 (65536 bytes)
  145 CODE      1 pages    82910000 - 82920000 (65536 bytes)
  146 CODE      1 pages    82920000 - 82930000 (65536 bytes)
  147 CODE      1 pages    82930000 - 82940000 (65536 bytes)
  148 CODE      1 pages    82940000 - 82950000 (65536 bytes)
  149 CODE      1 pages    82950000 - 82960000 (65536 bytes)
  150 CODE      1 pages    82960000 - 82970000 (65536 bytes)
  151 CODE      1 pages    82970000 - 82980000 (65536 bytes)
  152 CODE      1 pages    82980000 - 82990000 (65536 bytes)
  153 CODE      1 pages    82990000 - 829A0000 (65536 bytes)
  154 CODE      1 pages    829A0000 - 829B0000 (65536 bytes)
  155 CODE      1 pages    829B0000 - 829C0000 (65536 bytes)
  156 CODE      1 pages    829C0000 - 829D0000 (65536 bytes)
  157 CODE      1 pages    829D0000 - 829E0000 (65536 bytes)
  158 CODE      1 pages    829E0000 - 829F0000 (65536 bytes)
  159 CODE      1 pages    829F0000 - 82A00000 (65536 bytes)
  160 CODE      1 pages    82A00000 - 82A10000 (65536 bytes)
  161 CODE      1 pages    82A10000 - 82A20000 (65536 bytes)
  162 CODE      1 pages    82A20000 - 82A30000 (65536 bytes)
  163 CODE      1 pages    82A30000 - 82A40000 (65536 bytes)
  164 CODE      1 pages    82A40000 - 82A50000 (65536 bytes)
  165 CODE      1 pages    82A50000 - 82A60000 (65536 bytes)
  166 CODE      1 pages    82A60000 - 82A70000 (65536 bytes)
  167 CODE      1 pages    82A70000 - 82A80000 (65536 bytes)
  168 CODE      1 pages    82A80000 - 82A90000 (65536 bytes)
  169 CODE      1 pages    82A90000 - 82AA0000 (65536 bytes)
  170 CODE      1 pages    82AA0000 - 82AB0000 (65536 bytes)
  171 CODE      1 pages    82AB0000 - 82AC0000 (65536 bytes)
  172 CODE      1 pages    82AC0000 - 82AD0000 (65536 bytes)
  173 CODE      1 pages    82AD0000 - 82AE0000 (65536 bytes)
  174 CODE      1 pages    82AE0000 - 82AF0000 (65536 bytes)
  175 CODE      1 pages    82AF0000 - 82B00000 (65536 bytes)
  176 CODE      1 pages    82B00000 - 82B10000 (65536 bytes)
  177 CODE      1 pages    82B10000 - 82B20000 (65536 bytes)
  178 CODE      1 pages    82B20000 - 82B30000 (65536 bytes)
  179 CODE      1 pages    82B30000 - 82B40000 (65536 bytes)
  180 CODE      1 pages    82B40000 - 82B50000 (65536 bytes)
  181 CODE      1 pages    82B50000 - 82B60000 (65536 bytes)
  182 CODE      1 pages    82B60000 - 82B70000 (65536 bytes)
  183 CODE      1 pages    82B70000 - 82B80000 (65536 bytes)
  184 CODE      1 pages    82B80000 - 82B90000 (65536 bytes)
  185 CODE      1 pages    82B90000 - 82BA0000 (65536 bytes)
  186 CODE      1 pages    82BA0000 - 82BB0000 (65536 bytes)
  187 CODE      1 pages    82BB0000 - 82BC0000 (65536 bytes)
  188 CODE      1 pages    82BC0000 - 82BD0000 (65536 bytes)
  189 CODE      1 pages    82BD0000 - 82BE0000 (65536 bytes)
  190 CODE      1 pages    82BE0000 - 82BF0000 (65536 bytes)
  191 CODE      1 pages    82BF0000 - 82C00000 (65536 bytes)
  192 CODE      1 pages    82C00000 - 82C10000 (65536 bytes)
  193 CODE      1 pages    82C10000 - 82C20000 (65536 bytes)
  194 CODE      1 pages    82C20000 - 82C30000 (65536 bytes)
  195 CODE      1 pages    82C30000 - 82C40000 (65536 bytes)
  196 CODE      1 pages    82C40000 - 82C50000 (65536 bytes)
  197 CODE      1 pages    82C50000 - 82C60000 (65536 bytes)
  198 CODE      1 pages    82C60000 - 82C70000 (65536 bytes)
  199 CODE      1 pages    82C70000 - 82C80000 (65536 bytes)
  200 CODE      1 pages    82C80000 - 82C90000 (65536 bytes)
  201 CODE      1 pages    82C90000 - 82CA0000 (65536 bytes)
  202 CODE      1 pages    82CA0000 - 82CB0000 (65536 bytes)
  203 CODE      1 pages    82CB0000 - 82CC0000 (65536 bytes)
  204 CODE      1 pages    82CC0000 - 82CD0000 (65536 bytes)
  205 CODE      1 pages    82CD0000 - 82CE0000 (65536 bytes)
  206 CODE      1 pages    82CE0000 - 82CF0000 (65536 bytes)
  207 CODE      1 pages    82CF0000 - 82D00000 (65536 bytes)
  208 CODE      1 pages    82D00000 - 82D10000 (65536 bytes)
  209 CODE      1 pages    82D10000 - 82D20000 (65536 bytes)
  210 CODE      1 pages    82D20000 - 82D30000 (65536 bytes)
  211 CODE      1 pages    82D30000 - 82D40000 (65536 bytes)
  212 CODE      1 pages    82D40000 - 82D50000 (65536 bytes)
  213 CODE      1 pages    82D50000 - 82D60000 (65536 bytes)
  214 CODE      1 pages    82D60000 - 82D70000 (65536 bytes)
  215 CODE      1 pages    82D70000 - 82D80000 (65536 bytes)
  216 CODE      1 pages    82D80000 - 82D90000 (65536 bytes)
  217 CODE      1 pages    82D90000 - 82DA0000 (65536 bytes)
  218 CODE      1 pages    82DA0000 - 82DB0000 (65536 bytes)
  219 CODE      1 pages    82DB0000 - 82DC0000 (65536 bytes)
  220 CODE      1 pages    82DC0000 - 82DD0000 (65536 bytes)
  221 CODE      1 pages    82DD0000 - 82DE0000 (65536 bytes)
  222 CODE      1 pages    82DE0000 - 82DF0000 (65536 bytes)
  223 CODE      1 pages    82DF0000 - 82E00000 (65536 bytes)
  224 CODE      1 pages    82E00000 - 82E10000 (65536 bytes)
  225 CODE      1 pages    82E10000 - 82E20000 (65536 bytes)
  226 CODE      1 pages    82E20000 - 82E30000 (65536 bytes)
  227 CODE      1 pages    82E30000 - 82E40000 (65536 bytes)
  228 CODE      1 pages    82E40000 - 82E50000 (65536 bytes)
  229 CODE      1 pages    82E50000 - 82E60000 (65536 bytes)
  230 CODE      1 pages    82E60000 - 82E70000 (65536 bytes)
  231 CODE      1 pages    82E70000 - 82E80000 (65536 bytes)
  232 CODE      1 pages    82E80000 - 82E90000 (65536 bytes)
  233 CODE      1 pages    82E90000 - 82EA0000 (65536 bytes)
  234 CODE      1 pages    82EA0000 - 82EB0000 (65536 bytes)
  235 CODE      1 pages    82EB0000 - 82EC0000 (65536 bytes)
  236 CODE      1 pages    82EC0000 - 82ED0000 (65536 bytes)
  237 CODE      1 pages    82ED0000 - 82EE0000 (65536 bytes)
  238 CODE      1 pages    82EE0000 - 82EF0000 (65536 bytes)
  239 CODE      1 pages    82EF0000 - 82F00000 (65536 bytes)
  240 CODE      1 pages    82F00000 - 82F10000 (65536 bytes)
  241 CODE      1 pages    82F10000 - 82F20000 (65536 bytes)
  242 CODE      1 pages    82F20000 - 82F30000 (65536 bytes)
  243 CODE      1 pages    82F30000 - 82F40000 (65536 bytes)
  244 CODE      1 pages    82F40000 - 82F50000 (65536 bytes)
  245 CODE      1 pages    82F50000 - 82F60000 (65536 bytes)
  246 CODE      1 pages    82F60000 - 82F70000 (65536 bytes)
  247 CODE      1 pages    82F70000 - 82F80000 (65536 bytes)
  248 CODE      1 pages    82F80000 - 82F90000 (65536 bytes)
  249 CODE      1 pages    82F90000 - 82FA0000 (65536 bytes)
  250 CODE      1 pages    82FA0000 - 82FB0000 (65536 bytes)
  251 CODE      1 pages    82FB0000 - 82FC0000 (65536 bytes)
  252 CODE      1 pages    82FC0000 - 82FD0000 (65536 bytes)
  253 CODE      1 pages    82FD0000 - 82FE0000 (65536 bytes)
  254 CODE      1 pages    82FE0000 - 82FF0000 (65536 bytes)
  255 CODE      1 pages    82FF0000 - 83000000 (65536 bytes)
  256 CODE      1 pages    83000000 - 83010000 (65536 bytes)
  257 CODE      1 pages    83010000 - 83020000 (65536 bytes)
  258 CODE      1 pages    83020000 - 83030000 (65536 bytes)
  259 CODE      1 pages    83030000 - 83040000 (65536 bytes)
  260 CODE      1 pages    83040000 - 83050000 (65536 bytes)
  261 CODE      1 pages    83050000 - 83060000 (65536 bytes)
  262 CODE      1 pages    83060000 - 83070000 (65536 bytes)
  263 CODE      1 pages    83070000 - 83080000 (65536 bytes)
  264 CODE      1 pages    83080000 - 83090000 (65536 bytes)
  265 CODE      1 pages    83090000 - 830A0000 (65536 bytes)
  266 CODE      1 pages    830A0000 - 830B0000 (65536 bytes)
  267 CODE      1 pages    830B0000 - 830C0000 (65536 bytes)
  268 CODE      1 pages    830C0000 - 830D0000 (65536 bytes)
  269 CODE      1 pages    830D0000 - 830E0000 (65536 bytes)
  270 CODE      1 pages    830E0000 - 830F0000 (65536 bytes)
  271 CODE      1 pages    830F0000 - 83100000 (65536 bytes)
  272 CODE      1 pages    83100000 - 83110000 (65536 bytes)
  273 CODE      1 pages    83110000 - 83120000 (65536 bytes)
  274 CODE      1 pages    83120000 - 83130000 (65536 bytes)
  275 CODE      1 pages    83130000 - 83140000 (65536 bytes)
  276 CODE      1 pages    83140000 - 83150000 (65536 bytes)
  277 CODE      1 pages    83150000 - 83160000 (65536 bytes)
  278 CODE      1 pages    83160000 - 83170000 (65536 bytes)
  279 CODE      1 pages    83170000 - 83180000 (65536 bytes)
  280 CODE      1 pages    83180000 - 83190000 (65536 bytes)
  281 RWDATA    1 pages    83190000 - 831A0000 (65536 bytes)
  282 RWDATA    1 pages    831A0000 - 831B0000 (65536 bytes)
  283 RWDATA    1 pages    831B0000 - 831C0000 (65536 bytes)
  284 RWDATA    1 pages    831C0000 - 831D0000 (65536 bytes)
  285 RWDATA    1 pages    831D0000 - 831E0000 (65536 bytes)
  286 RWDATA    1 pages    831E0000 - 831F0000 (65536 bytes)
  287 RWDATA    1 pages    831F0000 - 83200000 (65536 bytes)
  288 RWDATA    1 pages    83200000 - 83210000 (65536 bytes)
  289 RWDATA    1 pages    83210000 - 83220000 (65536 bytes)
  290 RWDATA    1 pages    83220000 - 83230000 (65536 bytes)
  291 RWDATA    1 pages    83230000 - 83240000 (65536 bytes)
  292 RWDATA    1 pages    83240000 - 83250000 (65536 bytes)
  293 RWDATA    1 pages    83250000 - 83260000 (65536 bytes)
  294 RWDATA    1 pages    83260000 - 83270000 (65536 bytes)
  295 RWDATA    1 pages    83270000 - 83280000 (65536 bytes)
  296 RWDATA    1 pages    83280000 - 83290000 (65536 bytes)
  297 RWDATA    1 pages    83290000 - 832A0000 (65536 bytes)
  298 RWDATA    1 pages    832A0000 - 832B0000 (65536 bytes)
  299 RWDATA    1 pages    832B0000 - 832C0000 (65536 bytes)
  300 RWDATA    1 pages    832C0000 - 832D0000 (65536 bytes)
  301 RWDATA    1 pages    832D0000 - 832E0000 (65536 bytes)
  302 RWDATA    1 pages    832E0000 - 832F0000 (65536 bytes)
  303 RWDATA    1 pages    832F0000 - 83300000 (65536 bytes)
  304 RWDATA    1 pages    83300000 - 83310000 (65536 bytes)
  305 RWDATA    1 pages    83310000 - 83320000 (65536 bytes)
  306 RWDATA    1 pages    83320000 - 83330000 (65536 bytes)
  307 RWDATA    1 pages    83330000 - 83340000 (65536 bytes)
  308 RWDATA    1 pages    83340000 - 83350000 (65536 bytes)
  309 RWDATA    1 pages    83350000 - 83360000 (65536 bytes)
  310 RWDATA    1 pages    83360000 - 83370000 (65536 bytes)
  311 RWDATA    1 pages    83370000 - 83380000 (65536 bytes)
  312 RWDATA    1 pages    83380000 - 83390000 (65536 bytes)
  313 RWDATA    1 pages    83390000 - 833A0000 (65536 bytes)
  314 UNKNOWN   1 pages    833A0000 - 833B0000 (65536 bytes)
  315 UNKNOWN   1 pages    833B0000 - 833C0000 (65536 bytes)
  316 UNKNOWN   1 pages    833C0000 - 833D0000 (65536 bytes)
  317 UNKNOWN   1 pages    833D0000 - 833E0000 (65536 bytes)
  318 UNKNOWN   1 pages    833E0000 - 833F0000 (65536 bytes)
  319 UNKNOWN   1 pages    833F0000 - 83400000 (65536 bytes)
  320 UNKNOWN   1 pages    83400000 - 83410000 (65536 bytes)
  321 UNKNOWN   1 pages    83410000 - 83420000 (65536 bytes)
  322 UNKNOWN   1 pages    83420000 - 83430000 (65536 bytes)
  323 UNKNOWN   1 pages    83430000 - 83440000 (65536 bytes)
  324 UNKNOWN   1 pages    83440000 - 83450000 (65536 bytes)
  325 UNKNOWN   1 pages    83450000 - 83460000 (65536 bytes)
Imports:
 xam - 82 imports
   Version: 0.0.6995.32
   Min Version: 0.0.6690.32

         Total:   82
         Known:  100% (82 known, 0 unknown)
   Implemented:   96% (79 implemented, 3 unimplemented)

   F 82000600 8312E38C 190 ( 400)    XamInputGetCapabilities
   F 82000604 8312E39C 191 ( 401)    XamInputGetState
   F 82000608 8312E3AC 192 ( 402)    XamInputSetState
   F 8200060C 8312E3BC 198 ( 408)    XamInputGetKeystrokeEx
   F 82000610 8312E3CC 2BC ( 700)    XamShowSigninUI
   F 82000614 8312E3DC 2C1 ( 705)    XamShowKeyboardUI
   F 82000618 8312E3EC 2D5 ( 725) !! XamShowGamerCardUIForXUID
   F 8200061C 8312E3FC 2C5 ( 709)    XamShowAchievementsUI
   F 82000620 8312E40C 2C6 ( 710) !! XamShowPlayerReviewUI
   F 82000624 8312E41C 2C7 ( 711)    XamShowMarketplaceUI
   F 82000628 8312E42C 2CB ( 715)    XamShowDeviceSelectorUI
   F 8200062C 8312E43C 2D9 ( 729)    XamShowDirtyDiscErrorUI
   F 82000630 8312E44C 1F7 ( 503)    XMsgStartIORequest
   F 82000634 8312E45C 20E ( 526)    XamUserGetName
   F 82000638 8312E46C 210 ( 528)    XamUserGetSigninState
   F 8200063C 8312E47C 213 ( 531)    XamUserAreUsersFriends
   F 82000640 8312E48C 212 ( 530)    XamUserCheckPrivilege
   F 82000644 8312E49C 282 ( 642)    XamGetSystemVersion
   F 82000648 8312E4AC 2F7 ( 759)    XamUserCreateStatsEnumerator
   F 8200064C 8312E4BC 20A ( 522)    XamUserGetXUID
   F 82000650 8312E4CC 227 ( 551)    XamUserGetSigninInfo
   F 82000654 8312E4DC 2DC ( 732)    XamShowMessageBoxUIEx
   F 82000658 8312E4EC 3CD ( 973)    XGetLanguage
   F 8200065C 8312E4FC 3CB ( 971)    XGetAVPack
   F 82000660 8312E50C 1A9 ( 425)    XamLoaderTerminateTitle
   F 82000664 8312E51C 1A4 ( 420)    XamLoaderLaunchTitle
   F 82000668 8312E52C 280 ( 640)    XamGetExecutionId
   F 8200066C 8312F14C 30C ( 780)    XamVoiceCreate
   F 82000670 8312F13C 30E ( 782)    XamVoiceSubmitPacket
   F 82000674 8312F12C 1F8 ( 504)    XMsgCancelIORequest
   F 82000678 8312F11C 30F ( 783)    XamVoiceClose
   F 8200067C 8312F10C 30D ( 781)    XamVoiceHeadsetPresent
   F 82000680 8312F0FC 219 ( 537)    XamUserReadProfileSettings
   F 82000684 8312F0EC 1EA ( 490)    XamAlloc
   F 82000688 8312F0DC 1EC ( 492)    XamFree
   F 8200068C 8312F0CC 316 ( 790)    XamSessionCreateHandle
   F 82000690 8312F0BC 317 ( 791)    XamSessionRefObjByHandle
   F 82000694 8312F0AC 022 (  34)    NetDll___WSAFDIsSet
   F 82000698 8312F09C 01B (  27)    NetDll_WSAGetLastError
   F 8200069C 8312F08C 01A (  26)    NetDll_inet_addr
   F 820006A0 8312F07C 018 (  24)    NetDll_sendto
   F 820006A4 8312F06C 016 (  22)    NetDll_send
   F 820006A8 8312F05C 014 (  20)    NetDll_recvfrom
   F 820006AC 8312F04C 012 (  18)    NetDll_recv
   F 820006B0 8312F03C 00F (  15)    NetDll_select
   F 820006B4 8312F02C 00E (  14)    NetDll_accept
   F 820006B8 8312F01C 00D (  13)    NetDll_listen
   F 820006BC 8312F00C 00C (  12)    NetDll_connect
   F 820006C0 8312EFFC 00B (  11)    NetDll_bind
   F 820006C4 8312EFEC 009 (   9)    NetDll_getsockname
   F 820006C8 8312EFDC 008 (   8)    NetDll_getsockopt
   F 820006CC 8312EFCC 007 (   7)    NetDll_setsockopt
   F 820006D0 8312EFBC 006 (   6)    NetDll_ioctlsocket
   F 820006D4 8312EFAC 004 (   4)    NetDll_closesocket
   F 820006D8 8312EF9C 003 (   3)    NetDll_socket
   F 820006DC 8312EF8C 001 (   1)    NetDll_WSAStartup
   F 820006E0 8312EF7C 049 (  73)    NetDll_XNetGetTitleXnAddr
   F 820006E4 8312EF6C 048 (  72)    NetDll_XNetQosRelease
   F 820006E8 8312EF5C 046 (  70) !! NetDll_XNetQosLookup
   F 820006EC 8312EF4C 045 (  69)    NetDll_XNetQosListen
   F 820006F0 8312EF3C 040 (  64)    NetDll_XNetXnAddrToMachineId
   F 820006F4 8312EF2C 03C (  60)    NetDll_XNetInAddrToXnAddr
   F 820006F8 8312EF1C 039 (  57)    NetDll_XNetXnAddrToInAddr
   F 820006FC 8312EF0C 033 (  51)    NetDll_XNetStartup
   F 82000700 8312EBFC 3CC ( 972)    XGetGameRegion
   F 82000704 8312EBEC 1AF ( 431)    XamTaskSchedule
   F 82000708 8312EBDC 1B1 ( 433)    XamTaskCloseHandle
   F 8200070C 8312EBCC 1B3 ( 435)    XamTaskShouldExit
   F 82000710 8312EBBC 25E ( 606)    XamContentGetDeviceData
   F 82000714 8312EBAC 265 ( 613)    XamContentGetDeviceState
   F 82000718 8312EB9C 25C ( 604)    XamContentCreateEnumerator
   F 8200071C 8312EB8C 267 ( 615)    XamContentFlush
   F 82000720 8312EB7C 25A ( 602)    XamContentClose
   F 82000724 8312EB6C 25B ( 603)    XamContentDelete
   F 82000728 8312EB5C 259 ( 601)    XamContentCreateEx
   F 8200072C 8312EB4C 250 ( 592)    XamEnumerate
   F 82000730 8312EB3C 28A ( 650)    XamNotifyCreateListener
   F 82000734 8312EB2C 28C ( 652)    XNotifyPositionUI
   F 82000738 8312EB1C 28B ( 651)    XNotifyGetNext
   F 8200073C 8312EB0C 1F4 ( 500)    XMsgInProcessCall
   F 82000740 8312EAFC 1FC ( 508)    XMsgStartIORequestEx
   F 82000744 8312EAEC 3D1 ( 977)    XGetVideoMode

 xboxkrnl - 171 imports
   Version: 0.0.6995.32
   Min Version: 0.0.6690.32

         Total:  171
         Known:  100% (171 known, 0 unknown)
   Implemented:   91% (157 implemented, 14 unimplemented)

   F 8200074C 8312EA8C 07D ( 125)    KeLeaveCriticalRegion
   F 82000750 8312EA9C 09D ( 157)    KeSetEvent
   F 82000754 8312EAAC 06C ( 108)    KeUnlockL2
   F 82000758 8312EABC 08F ( 143)    KeResetEvent
   F 8200075C 8312EACC 0B0 ( 176)    KeWaitForSingleObject
   F 82000760 8312EADC 06B ( 107)    KeLockL2
   F 82000764 8312EA7C 26A ( 618)    VdRetrainEDRAMWorker
   F 82000768 8312EA6C 05F (  95)    KeEnterCriticalRegion
   F 8200076C 8312EA5C 269 ( 617)    VdRetrainEDRAM
   V 82000770          1C1 ( 449)    VdHSIOCalibrationLock
   F 82000774 8312EA4C 104 ( 260)    ObDeleteSymbolicLink
   F 82000778 8312EA3C 103 ( 259)    ObCreateSymbolicLink
   F 8200077C 8312EA2C 1C2 ( 450)    VdInitializeEngines
   F 82000780 8312EA1C 1D5 ( 469)    VdSetGraphicsInterruptCallback
   F 82000784 8312EA0C 1C6 ( 454)    VdIsHSIOTrainingSucceeded
   F 82000788 8312E9FC 1D3 ( 467)    VdSetDisplayMode
   F 8200078C 8312E9EC 1DC ( 476)    VdShutdownEngines
   F 82000790 8312E9DC 1BA ( 442)    VdGetCurrentDisplayInformation
   F 82000794 8312E9CC 015 (  21)    ExRegisterTitleTerminateNotification
   F 82000798 8312E9BC 1B4 ( 436)    VdEnableDisableClockGating
   F 8200079C 8312E9AC 1B9 ( 441)    VdGetCurrentDisplayGamma
   F 820007A0 8312E99C 1C7 ( 455)    VdPersistDisplay
   F 820007A4 8312E98C 25B ( 603)    VdSwap
   F 820007A8 8312E97C 1BD ( 445)    VdGetSystemCommandBuffer
   V 820007AC          266 ( 614)    KeCertMonitorData
   F 820007B0 8312E96C 1CA ( 458)    VdQueryVideoMode
   F 820007B4 8312E95C 1B1 ( 433)    VdCallGraphicsNotificationRoutines
   V 820007B8          1C0 ( 448)    VdGpuClockInMHz
   F 820007BC 8312E94C 1C9 ( 457)    VdQueryVideoFlags
   F 820007C0 8312E93C 1C5 ( 453)    VdInitializeScalerCommandBuffer
   F 820007C4 8312E92C 14D ( 333)    _vsnprintf
   F 820007C8 8312E91C 052 (  82)    KeBugCheck
   F 820007CC 8312E90C 0B1 ( 177)    KfAcquireSpinLock
   F 820007D0 8312E8FC 1D9 ( 473)    VdSetSystemCommandBufferGpuIdentifierAddress
   F 820007D4 8312E8EC 0BE ( 190)    MmGetPhysicalAddress
   F 820007D8 8312E8DC 1DF ( 479)    KiApcNormalRoutineNop
   F 820007DC 8312EC0C 02C (  44)    InterlockedPopEntrySList
   F 820007E0 8312EC1C 154 ( 340)    KeTlsGetValue
   F 820007E4 8312EC2C 152 ( 338)    KeTlsAlloc
   F 820007E8 8312EC3C 155 ( 341)    KeTlsSetValue
   F 820007EC 8312EC4C 153 ( 339)    KeTlsFree
   F 820007F0 8312EC5C 147 ( 327) !! RtlUnwind
   F 820007F4 8312EC6C 05D (  93)    KeEnableFpuExceptions
   F 820007F8 8312EC7C 119 ( 281) !! RtlCaptureContext
   F 820007FC 8312EC8C 0F6 ( 246)    NtSetEvent
   F 82000800 8312EC9C 0CE ( 206)    NtClearEvent
   F 82000804 8312ECAC 18F ( 399)    XeCryptShaInit
   F 82000808 8312ECBC 190 ( 400)    XeCryptShaUpdate
   F 8200080C 8312ECCC 191 ( 401)    XeCryptShaFinal
   F 82000810 8312ECDC 195 ( 405)    XexGetModuleHandle
   F 82000814 8312ECEC 0E7 ( 231)    NtQueryFullAttributesFile
   V 82000818          0AD ( 173)    KeTimeStampBundle
   F 8200081C 8312ECFC 28A ( 650)    NtAllocateEncryptedMemory
   F 82000820 8312ED0C 28B ( 651)    NtFreeEncryptedMemory
   F 82000824 8312ED1C 001 (   1)    DbgBreakPoint
   F 82000828 8312ED2C 0F5 ( 245)    NtResumeThread
   F 8200082C 8312ED3C 25A ( 602) !! StfsControlDevice
   F 82000830 8312ED4C 259 ( 601) !! StfsCreateDevice
   F 82000834 8312ED5C 257 ( 599) !! XeKeysConsoleSignatureVerification
   F 82000838 8312ED6C 192 ( 402)    XeCryptSha
   F 8200083C 8312ED7C 256 ( 598)    XeKeysConsolePrivateKeySign
   F 82000840 8312ED8C 13A ( 314)    _snprintf
   F 82000844 8312ED9C 0DB ( 219)    NtFlushBuffersFile
   F 82000848 8312EDAC 03B (  59) !! IoDismountVolume
   F 8200084C 8312EDBC 127 ( 295)    RtlFreeAnsiString
   F 82000850 8312EDCC 142 ( 322)    RtlUnicodeStringToAnsiString
   F 82000854 8312EDDC 12D ( 301)    RtlInitUnicodeString
   F 82000858 8312EDEC 019 (  25)    ExTerminateThread
   F 8200085C 8312EDFC 05A (  90)    KeDelayExecutionThread
   F 82000860 8312EE0C 00D (  13)    ExCreateThread
   F 82000864 8312EE1C 0D9 ( 217)    NtDeviceIoControlFile
   F 82000868 8312EE2C 041 (  65) !! IoInvalidDeviceRequest
   F 8200086C 8312EE3C 10F ( 271)    ObReferenceObject
   F 82000870 8312EE4C 037 (  55)    IoCreateDevice
   F 82000874 8312EE5C 039 (  57)    IoDeleteDevice
   F 82000878 8312EE6C 00B (  11)    ExAllocatePoolTypeWithTag
   F 8200087C 8312EE7C 11D ( 285)    RtlCompareStringN
   F 82000880 8312EE8C 035 (  53) !! IoCompleteRequest
   V 82000884          156 ( 342)    XboxHardwareInfo
   F 82000888 8312EE9C 149 ( 329)    RtlUpcaseUnicodeChar
   F 8200088C 8312EEAC 109 ( 265) !! ObIsTitleObject
   F 82000890 8312EEBC 034 (  52) !! IoCheckShareAccess
   F 82000894 8312EECC 047 (  71) !! IoSetShareAccess
   F 82000898 8312EEDC 045 (  69) !! IoRemoveShareAccess
   F 8200089C 8312EEEC 03C (  60) !! IoDismountVolumeByFileHandle
   F 820008A0 8312EEFC 141 ( 321)    RtlTryEnterCriticalSection
   F 820008A4 8312E8CC 1B6 ( 438)    VdEnableRingBufferRPtrWriteBack
   F 820008A8 8312E8BC 0B4 ( 180)    KfReleaseSpinLock
   F 820008AC 8312E8AC 089 ( 137)    KeReleaseSpinLockFromRaisedIrql
   F 820008B0 8312E89C 04D (  77)    KeAcquireSpinLockAtRaisedIrql
   F 820008B4 8312E88C 1C3 ( 451)    VdInitializeRingBuffer
   F 820008B8 8312E87C 13B ( 315)    sprintf
   V 820008BC          1BE ( 446)    VdGlobalDevice
   F 820008C0 8312E86C 0FD ( 253)    NtWaitForSingleObjectEx
   F 820008C4 8312E85C 0DA ( 218)    NtDuplicateObject
   F 820008C8 8312E84C 0F0 ( 240)    NtReadFile
   F 820008CC 8312E83C 0F1 ( 241)    NtReadFileScatter
   F 820008D0 8312E82C 0E4 ( 228)    NtQueryDirectoryFile
   F 820008D4 8312E81C 0EF ( 239)    NtQueryVolumeInformationFile
   F 820008D8 8312E80C 0E8 ( 232)    NtQueryInformationFile
   F 820008DC 8312E7FC 136 ( 310)    RtlRaiseException
   F 820008E0 8312E7EC 0EE ( 238)    NtQueryVirtualMemory
   F 820008E4 8312E7DC 12E ( 302)    RtlInitializeCriticalSection
   F 820008E8 8312E7CC 11B ( 283)    RtlCompareMemoryUlong
   F 820008EC 8312E7BC 0DC ( 220)    NtFreeVirtualMemory
   F 820008F0 8312E7AC 066 ( 102)    KeGetCurrentProcessType
   F 820008F4 8312E79C 053 (  83)    KeBugCheckEx
   F 820008F8 8312E78C 126 ( 294)    RtlFillMemoryUlong
   F 820008FC 8312E77C 0CC ( 204)    NtAllocateVirtualMemory
   F 82000900 8312E76C 028 (  40)    HalReturnToFirmware
   V 82000904          193 ( 403)    XexExecutableModuleHandle
   F 82000908 8312E75C 12B ( 299)    RtlImageXexHeaderField
   F 8200090C 8312E74C 125 ( 293)    RtlEnterCriticalSection
   F 82000910 8312E73C 130 ( 304)    RtlLeaveCriticalSection
   V 82000914          059 (  89)    KeDebugMonitorData
   F 82000918 8312E72C 097 ( 151)    KeSetAffinityThread
   F 8200091C 8312E71C 0FC ( 252)    NtSuspendThread
   V 82000920          01B (  27)    ExThreadObjectType
   F 82000924 8312E70C 110 ( 272)    ObReferenceObjectByHandle
   F 82000928 8312E6FC 099 ( 153)    KeSetBasePriorityThread
   F 8200092C 8312E6EC 105 ( 261)    ObDereferenceObject
   F 82000930 8312E6DC 196 ( 406)    XexGetModuleSection
   F 82000934 8312E6CC 197 ( 407)    XexGetProcedureAddress
   F 82000938 8312E6BC 00F (  15)    ExFreePool
   F 8200093C 8312E6AC 0D2 ( 210)    NtCreateFile
   F 82000940 8312E69C 0FF ( 255)    NtWriteFile
   F 82000944 8312E68C 0BD ( 189)    MmFreePhysicalMemory
   F 82000948 8312E67C 0C7 ( 199)    MmSetAddressProtect
   F 8200094C 8312E66C 0BA ( 186)    MmAllocatePhysicalMemoryEx
   F 82000950 8312E65C 1A5 ( 421) !! __C_specific_handler
   F 82000954 8312E64C 003 (   3)    DbgPrint
   F 82000958 8312E63C 194 ( 404)    XexCheckExecutablePrivilege
   F 8200095C 8312E62C 010 (  16)    ExGetXConfigSetting
   F 82000960 8312E61C 0D1 ( 209)    NtCreateEvent
   F 82000964 8312E60C 083 ( 131)    KeQueryPerformanceFrequency
   F 82000968 8312E5FC 13F ( 319)    RtlTimeFieldsToTime
   F 8200096C 8312E5EC 084 ( 132)    KeQuerySystemTime
   F 82000970 8312E5DC 140 ( 320)    RtlTimeToTimeFields
   V 82000974          1AE ( 430)    ExLoadedCommandLine
   F 82000978 8312E5CC 021 (  33)    FscSetCacheElementCount
   F 8200097C 8312E5BC 12C ( 300)    RtlInitAnsiString
   F 82000980 8312E5AC 0DF ( 223)    NtOpenFile
   F 82000984 8312E59C 0F7 ( 247)    NtSetInformationFile
   F 82000988 8312E58C 0CF ( 207)    NtClose
   F 8200098C 8312E57C 151 ( 337)    vswprintf
   V 82000990          158 ( 344)    XboxKrnlVersion
   F 82000994 8312E56C 143 ( 323)    RtlUnicodeToMultiByteN
   F 82000998 8312E55C 133 ( 307)    RtlMultiByteToUnicodeN
   F 8200099C 8312E54C 135 ( 309)    RtlNtStatusToDosError
   F 820009A0 8312E53C 0C4 ( 196)    MmQueryAddressProtect
   F 820009A4 8312F15C 085 ( 133)    KeRaiseIrqlToDpcLevel
   F 820009A8 8312F16C 0B3 ( 179)    KfLowerIrql
   F 820009AC 8312F17C 1F4 ( 500)    XAudioUnregisterRenderDriverClient
   F 820009B0 8312F18C 1F3 ( 499)    XAudioRegisterRenderDriverClient
   F 820009B4 8312F19C 1F5 ( 501)    XAudioSubmitRenderDriverFrame
   F 820009B8 8312F1AC 1F8 ( 504)    XAudioGetVoiceCategoryVolume
   F 820009BC 8312F1BC 092 ( 146)    KeResumeThread
   F 820009C0 8312F1CC 074 ( 116)    KeInitializeSemaphore
   F 820009C4 8312F1DC 0AF ( 175)    KeWaitForMultipleObjects
   F 820009C8 8312F1EC 1F7 ( 503)    XAudioGetVoiceCategoryVolumeChangeMask
   F 820009CC 8312F1FC 088 ( 136)    KeReleaseSemaphore
   F 820009D0 8312F20C 224 ( 548)    XMACreateContext
   F 820009D4 8312F21C 226 ( 550)    XMAReleaseContext
   F 820009D8 8312F22C 1FF ( 511)    XAudioGetSpeakerConfig
   F 820009DC 8312F23C 12F ( 303)    RtlInitializeCriticalSectionAndSpinCount
   F 820009E0 8312F24C 0D5 ( 213)    NtCreateSemaphore
   F 820009E4 8312F25C 0F3 ( 243)    NtReleaseSemaphore
   F 820009E8 8312F26C 0FE ( 254)    NtWaitForMultipleObjectsEx
   F 820009EC 8312F27C 0CD ( 205)    NtCancelTimer
   F 820009F0 8312F28C 0FA ( 250)    NtSetTimerEx
   F 820009F4 8312F29C 0D7 ( 215)    NtCreateTimer

i> 0024D2FD Title name: Too Human
i> 0024D2FD 
-------------------- ACHIEVEMENTS --------------------
+-----+---------------------------------+------------------------------------------------------------------------------------------------+------------+------------+
| ID  | Title                           | Description                                                                                    | Type       | Gamerscore |
+-----+---------------------------------+------------------------------------------------------------------------------------------------+------------+------------+
| 20  | Through the Halls               | Hall of Heroes has been completed (all tokens collected) in Single Player or Online Coop Play. | Checkpoint | 80         |
+-----+---------------------------------+------------------------------------------------------------------------------------------------+------------+------------+
| 29  | Frozen Vengeance                | Ice Forest has been completed (all tokens collected) in Single Player or Online Coop Play.     | Checkpoint | 80         |
+-----+---------------------------------+------------------------------------------------------------------------------------------------+------------+------------+
| 30  | The One That Got Away…          | World Serpent has been completed (all tokens collected) in Single Player or Online Coop Play.  | Checkpoint | 80         |
+-----+---------------------------------+------------------------------------------------------------------------------------------------+------------+------------+
| 31  | To Hel and Back                 | Helheim has been completed (all tokens collected) in Single Player or Online Coop Play.        | Checkpoint | 80         |
+-----+---------------------------------+------------------------------------------------------------------------------------------------+------------+------------+
| 32  | Unstoppable: Hall of Heroes     | Hall of Heroes has been completed without dying.                                               | Checkpoint | 10         |
+-----+---------------------------------+------------------------------------------------------------------------------------------------+------------+------------+
| 37  | Unstoppable: Ice Forest         | The Ice Forest has been completed without dying.                                               | Checkpoint | 15         |
+-----+---------------------------------+------------------------------------------------------------------------------------------------+------------+------------+
| 38  | Unstoppable: World Serpent      | The World Serpent has been completed without dying.                                            | Checkpoint | 15         |
+-----+---------------------------------+------------------------------------------------------------------------------------------------+------------+------------+
| 39  | Unstoppable: Helheim            | Helheim has been completed without dying.                                                      | Checkpoint | 20         |
+-----+---------------------------------+------------------------------------------------------------------------------------------------+------------+------------+
| 43  | NORN Novice                     | First Cyberspace Well has been activated.                                                      | Event      | 5          |
+-----+---------------------------------+------------------------------------------------------------------------------------------------+------------+------------+
| 50  | In the NORN's Favor             | All of the Cyberspace Wells have been activated.                                               | Event      | 10         |
+-----+---------------------------------+------------------------------------------------------------------------------------------------+------------+------------+
| 56  | Chosen of the Aesir             | Achieved Adept status (Level 10).                                                              | Leveling   | 20         |
+-----+---------------------------------+------------------------------------------------------------------------------------------------+------------+------------+
| 58  | Elite Warrior of the Aesir      | Achieved Skilled status (Level 20).                                                            | Leveling   | 25         |
+-----+---------------------------------+------------------------------------------------------------------------------------------------+------------+------------+
| 59  | Hero to the Aesir               | Achieved Hero status (Level 30).                                                               | Leveling   | 30         |
+-----+---------------------------------+------------------------------------------------------------------------------------------------+------------+------------+
| 60  | Legend of the Aesir             | Achieved Legend status (Level 40).                                                             | Leveling   | 30         |
+-----+---------------------------------+------------------------------------------------------------------------------------------------+------------+------------+
| 61  | True Son of Odin                | Achieved God status (Level 50).                                                                | Leveling   | 40         |
+-----+---------------------------------+------------------------------------------------------------------------------------------------+------------+------------+
| 62  | Jack of all Trades              | Achieved Adept status or greater for all classes.                                              | Leveling   | 10         |
+-----+---------------------------------+------------------------------------------------------------------------------------------------+------------+------------+
| 63  | First Step toward Destiny       | First Skill Point assigned.                                                                    | Unlock     | 5          |
+-----+---------------------------------+------------------------------------------------------------------------------------------------+------------+------------+
| 65  | Triumph of Humanity             | Hel has been defeated by the Human Baldur.                                                     | Event      | 30         |
+-----+---------------------------------+------------------------------------------------------------------------------------------------+------------+------------+
| 66  | Exultation of Steel             | Hel has been defeated by the Cybernetic Baldur.                                                | Event      | 30         |
+-----+---------------------------------+------------------------------------------------------------------------------------------------+------------+------------+
| 67  | Bane to Goblins                 | 2,500 Goblins defeated.                                                                        | Event      | 30         |
+-----+---------------------------------+------------------------------------------------------------------------------------------------+------------+------------+
| 68  | Hunter of Elfkin                | 500 Dark Elves vanquished.                                                                     | Event      | 30         |
+-----+---------------------------------+------------------------------------------------------------------------------------------------+------------+------------+
| 69  | Slayer of Trollkind             | 50 Trolls destroyed by mounting.                                                               | Event      | 30         |
+-----+---------------------------------+------------------------------------------------------------------------------------------------+------------+------------+
| 70  | Avenger of the Slain            | 1,000 Undead slain.                                                                            | Event      | 30         |
+-----+---------------------------------+------------------------------------------------------------------------------------------------+------------+------------+
| 71  | The Blood of Heralds            | 100 enemy leaders conquered.                                                                   | Event      | 10         |
+-----+---------------------------------+------------------------------------------------------------------------------------------------+------------+------------+
| 72  | Feeder of Ravens                | Kill 10,000 enemies.                                                                           | Event      | 10         |
+-----+---------------------------------+------------------------------------------------------------------------------------------------+------------+------------+
| 75  | Path of Ruin                    | 100 enemies decimated by Ruiners.                                                              | Event      | 25         |
+-----+---------------------------------+------------------------------------------------------------------------------------------------+------------+------------+
| 77  | Unrelenting Rage                | Achieved a 100-hit combo.                                                                      | Event      | 10         |
+-----+---------------------------------+------------------------------------------------------------------------------------------------+------------+------------+
| 79  | Show No Mercy                   | 25 enemies killed with a single Battle Cry.                                                    | Event      | 10         |
+-----+---------------------------------+------------------------------------------------------------------------------------------------+------------+------------+
| 81  | Rune Lore                       | Collected 1,000 Runes.                                                                         | Event      | 10         |
+-----+---------------------------------+------------------------------------------------------------------------------------------------+------------+------------+
| 83  | Relics of a Forgotten Past      | Complete a 7-piece Elite armor suit.                                                           | Event      | 5          |
+-----+---------------------------------+------------------------------------------------------------------------------------------------+------------+------------+
| 84  | Trial of Ascendance             | Complete a level 1 charm.                                                                      | Event      | 5          |
+-----+---------------------------------+------------------------------------------------------------------------------------------------+------------+------------+
| 85  | I'm Rich...                     | Collected 1,000,000 in bounty.                                                                 | Event      | 10         |
+-----+---------------------------------+------------------------------------------------------------------------------------------------+------------+------------+
| 87  | Artisan to the Aesir            | Craft 100 blueprints.                                                                          | Event      | 10         |
+-----+---------------------------------+------------------------------------------------------------------------------------------------+------------+------------+
| 88  | Aesir Ascendant                 | Complete a level 3 charm.                                                                      | Event      | 10         |
+-----+---------------------------------+------------------------------------------------------------------------------------------------+------------+------------+
| 89  | Force to be Reckoned With       | 100 Elite enemies annihilated.                                                                 | Event      | 5          |
+-----+---------------------------------+------------------------------------------------------------------------------------------------+------------+------------+
| 90  | Valkyrie's Folly                | Died 100 times.                                                                                | Event      | 5          |
+-----+---------------------------------+------------------------------------------------------------------------------------------------+------------+------------+
| 91  | Fenrir's Bite                   | Assigned a skill point to a sentient weapon.                                                   | Event      | 10         |
+-----+---------------------------------+------------------------------------------------------------------------------------------------+------------+------------+
| 92  | Display of Power                | Execute 2 in 1 move using a Juggle, Ruiner, Finisher, Slide, or Gunfire.                       | Event      | 5          |
+-----+---------------------------------+------------------------------------------------------------------------------------------------+------------+------------+
| 93  | The Final Strike                | Kill 100 enemies with finishers.                                                               | Event      | 10         |
+-----+---------------------------------+------------------------------------------------------------------------------------------------+------------+------------+
| 94  | Death from Above                | Kill 100 enemies with air combat.                                                              | Event      | 10         |
+-----+---------------------------------+------------------------------------------------------------------------------------------------+------------+------------+
| 95  | A Valorous Deed                 | Defeat a polarity enemy.                                                                       | Event      | 5          |
+-----+---------------------------------+------------------------------------------------------------------------------------------------+------------+------------+
| 96  | Without Equal                   | Defeat 1000 polarity enemies.                                                                  | Event      | 10         |
+-----+---------------------------------+------------------------------------------------------------------------------------------------+------------+------------+
| 97  | Relics of Ascendance            | Completed 20 Charm Quests.                                                                     | Event      | 10         |
+-----+---------------------------------+------------------------------------------------------------------------------------------------+------------+------------+
| 98  | Archivist to the Aesir          | Acquired 7,500 items.                                                                          | Event      | 10         |
+-----+---------------------------------+------------------------------------------------------------------------------------------------+------------+------------+
| 99  | One God Enters, One God Leaves… | Completed 3 Secret Arena Battles.                                                              | Event      | 20         |
+-----+---------------------------------+------------------------------------------------------------------------------------------------+------------+------------+
| 100 | Serve Em Up                     | The player must juggle an enemy which is then killed in air combat by their teammate.          | Event      | 10         |
+-----+---------------------------------+------------------------------------------------------------------------------------------------+------------+------------+
| 101 | Teamwork Takedown               | In co-op one player must destroy the troll's chest armor and the other must mount kill.        | Event      | 10         |
+-----+---------------------------------+------------------------------------------------------------------------------------------------+------------+------------+
| 102 | Blooded of the Aesir            | Reached Level 5.                                                                               | Event      | 10         |
+-----+---------------------------------+------------------------------------------------------------------------------------------------+------------+------------+
| 103 | Hate for the Machine…           | Kill 20,000 enemies.                                                                           | Event      | 15         |
+-----+---------------------------------+------------------------------------------------------------------------------------------------+------------+------------+
| 104 | The Call of Battle              | First Battle Cry unlocked.                                                                     | Event      | 5          |
+-----+---------------------------------+------------------------------------------------------------------------------------------------+------------+------------+
i> 0024D2FD 
-------------------- PROPERTIES --------------------
+----------+------------------------------+-------------+-----------+
| ID       | Name                         | Matchmaking | Data Size |
+----------+------------------------------+-------------+-----------+
| 10000009 | <Insert display string text> | True        | 4         |
+----------+------------------------------+-------------+-----------+
| 10000021 | <String text>                | True        | 4         |
+----------+------------------------------+-------------+-----------+
| 10000025 | <String text>                | True        | 4         |
+----------+------------------------------+-------------+-----------+
| 10008001 | Rank                         | False       | 4         |
+----------+------------------------------+-------------+-----------+
| 1000800A |                              | False       | 4         |
+----------+------------------------------+-------------+-----------+
| 1000800B |                              | False       | 4         |
+----------+------------------------------+-------------+-----------+
| 1000800C |                              | False       | 4         |
+----------+------------------------------+-------------+-----------+
| 1000800D |                              | False       | 4         |
+----------+------------------------------+-------------+-----------+
| 10008011 |                              | False       | 4         |
+----------+------------------------------+-------------+-----------+
| 10008101 | Gamer Zone                   | True        | 4         |
+----------+------------------------------+-------------+-----------+
| 10008102 | Gamer Country                | True        | 4         |
+----------+------------------------------+-------------+-----------+
| 10008103 | Language                     | True        | 4         |
+----------+------------------------------+-------------+-----------+
| 10008201 | Platform Type                | True        | 4         |
+----------+------------------------------+-------------+-----------+
| 10008202 | Platform Lock                | True        | 4         |
+----------+------------------------------+-------------+-----------+
| 20000005 | Total Overall Score          | False       | 8         |
+----------+------------------------------+-------------+-----------+
| 20000007 | Character Level              | True        | 8         |
+----------+------------------------------+-------------+-----------+
| 2000000A | Total Number of Kills        | False       | 8         |
+----------+------------------------------+-------------+-----------+
| 2000001A | Highest Combo                | False       | 8         |
+----------+------------------------------+-------------+-----------+
| 2000001F | Ruiner Kills                 | False       | 8         |
+----------+------------------------------+-------------+-----------+
| 20000020 | Items Collected              | False       | 8         |
+----------+------------------------------+-------------+-----------+
| 20000022 | <String text>                | True        | 8         |
+----------+------------------------------+-------------+-----------+
| 20000023 | <String text>                | True        | 8         |
+----------+------------------------------+-------------+-----------+
| 20000024 | <String text>                | True        | 8         |
+----------+------------------------------+-------------+-----------+
| 20008107 | Gamer PUID                   | True        | 8         |
+----------+------------------------------+-------------+-----------+
| 20008108 | Affiliate Value              | True        | 8         |
+----------+------------------------------+-------------+-----------+
| 30008105 | Gamer Mu                     | True        | 8         |
+----------+------------------------------+-------------+-----------+
| 30008106 | Gamer Sigma                  | True        | 8         |
+----------+------------------------------+-------------+-----------+
| 40008002 | Gamer Name                   | False       | 66        |
+----------+------------------------------+-------------+-----------+
| 40008109 | Gamer Host Name              | True        | 2         |
+----------+------------------------------+-------------+-----------+
| 50008104 | Gamer Rating                 | True        | 4         |
+----------+------------------------------+-------------+-----------+
i> 0024D2FD 
-------------------- CONTEXTS --------------------
+----------+------------------------------+-------------+---------------+-----------+
| ID       | Name                         | Matchmaking | Default Value | Max Value |
+----------+------------------------------+-------------+---------------+-----------+
| 00000000 | Current Level                | True        | 0             | 16        |
+----------+------------------------------+-------------+---------------+-----------+
| 00000002 | <Insert display string text> | True        | 0             | 2         |
+----------+------------------------------+-------------+---------------+-----------+
| 00000003 | <Insert display string text> | True        | 0             | 2         |
+----------+------------------------------+-------------+---------------+-----------+
| 00000004 | Current World                | False       | 0             | 4         |
+----------+------------------------------+-------------+---------------+-----------+
| 00000005 | <String text>                | True        | 1             | 4         |
+----------+------------------------------+-------------+---------------+-----------+
| 00008001 |                              | False       | 0             | 3         |
+----------+------------------------------+-------------+---------------+-----------+
| 0000800A | Game Type                    | True        | 0             | 1         |
+----------+------------------------------+-------------+---------------+-----------+
| 0000800B |                              | True        | 0             | 1         |
+----------+------------------------------+-------------+---------------+-----------+
i> 0024D2FD 
-------------------- STATS VIEWS --------------------
+----------+-------------+-----------------------------+---------+------------+--------+-----------+-------------+
| ID       | View Type   | Name                        | Skilled | Arbitrated | Hidden | Team View | Online Only |
+----------+-------------+-----------------------------+---------+------------+--------+-----------+-------------+
| 00000004 | Leaderboard | Total Kills Leaderboard     | False   | False      | False  | False     | False       |
+----------+-------------+-----------------------------+---------+------------+--------+-----------+-------------+
| 00000019 | Leaderboard | Ruiner Kills Leaderboard    | False   | False      | False  | False     | False       |
+----------+-------------+-----------------------------+---------+------------+--------+-----------+-------------+
| 0000001A | Leaderboard | Highest Combo Leaderboard   | False   | False      | False  | False     | False       |
+----------+-------------+-----------------------------+---------+------------+--------+-----------+-------------+
| 0000001B | Leaderboard | Items Collected Leaderboard | False   | False      | False  | False     | False       |
+----------+-------------+-----------------------------+---------+------------+--------+-----------+-------------+
| 0000001C | Leaderboard | Total Kills Leaderboard     | False   | False      | False  | False     | False       |
+----------+-------------+-----------------------------+---------+------------+--------+-----------+-------------+
| 0000001D | Leaderboard | Total Kills Leaderboard     | False   | False      | False  | False     | False       |
+----------+-------------+-----------------------------+---------+------------+--------+-----------+-------------+
| 0000001E | Leaderboard | Highest Combo Leaderboard   | False   | False      | False  | False     | False       |
+----------+-------------+-----------------------------+---------+------------+--------+-----------+-------------+
| 0000001F | Leaderboard | Highest Combo Leaderboard   | False   | False      | False  | False     | False       |
+----------+-------------+-----------------------------+---------+------------+--------+-----------+-------------+
| 00000020 | Leaderboard | Items Collected Leaderboard | False   | False      | False  | False     | False       |
+----------+-------------+-----------------------------+---------+------------+--------+-----------+-------------+
| 00000021 | Leaderboard | Items Collected Leaderboard | False   | False      | False  | False     | False       |
+----------+-------------+-----------------------------+---------+------------+--------+-----------+-------------+
| 00000022 | Leaderboard | Ruiner Kills Leaderboard    | False   | False      | False  | False     | False       |
+----------+-------------+-----------------------------+---------+------------+--------+-----------+-------------+
| 00000023 | Leaderboard | Ruiner Kills Leaderboard    | False   | False      | False  | False     | False       |
+----------+-------------+-----------------------------+---------+------------+--------+-----------+-------------+
| FFFF0000 | Leaderboard |                             | True    | False      | False  | False     | False       |
+----------+-------------+-----------------------------+---------+------------+--------+-----------+-------------+
i> 0024D2FD 
-------------------- PRESENCE MODES --------------------
+---------------+----------------+------------------+
| Context Value | Contexts Count | Properties Count |
+---------------+----------------+------------------+
| 0             | 1              | 0                |
+---------------+----------------+------------------+
| 1             | 0              | 0                |
+---------------+----------------+------------------+
| 2             | 0              | 0                |
+---------------+----------------+------------------+
| 3             | 1              | 0                |
+---------------+----------------+------------------+
i> 0024D2FD XThread0100001C (5) Stack: 70110000-70130000
i> 0024D2FD KernelState: Launching module...
K> 0100001C XThread::Execute thid 5 (handle=0100001C, 'Kernel Dispatch (0100001C)', native=00DFF6C0, <host>)
i> 0024D2FD XThreadF8000008 (6) Stack: 70150000-70190000
K> F8000008 XThread::Execute thid 6 (handle=F8000008, 'Main XThread (F8000008)', native=FFDFE6C0)
i> F8000008 XThreadF8000034 (7) Stack: 701B0000-701F0000
K> F8000034 XThread::Execute thid 7 (handle=F8000034, 'XThreadFEDFD6C0 (F8000034)', native=FEDFD6C0)
i> F8000008 XThreadF8000044 (8) Stack: 70210000-70250000
K> F8000044 XThread::Execute thid 8 (handle=F8000044, 'XThreadEDFFB6C0 (F8000044)', native=EDFFB6C0)
i> F8000008 XThreadF8000048 (9) Stack: 70270000-702B0000
K> F8000048 XThread::Execute thid 9 (handle=F8000048, 'XThreadE7FFF6C0 (F8000048)', native=E7FFF6C0)
i> F8000008 XThreadF8000054 (A) Stack: 702D0000-70310000
K> F8000054 XThread::Execute thid 10 (handle=F8000054, 'XThreadE6FFE6C0 (F8000054)', native=E6FFE6C0)
i> F8000008 XThreadF8000060 (B) Stack: 70330000-70370000
K> F8000060 XThread::Execute thid 11 (handle=F8000060, 'XThreadE5FFD6C0 (F8000060)', native=E5FFD6C0)
i> F8000008 XThreadF8000074 (C) Stack: 70390000-703D0000
K> F8000074 XThread::Execute thid 12 (handle=F8000074, 'XThreadB7FFF6C0 (F8000074)', native=B7FFF6C0)
i> F8000008 XThreadF8000080 (D) Stack: 703F0000-70430000
K> F8000080 XThread::Execute thid 13 (handle=F8000080, 'XThreadB67FC6C0 (F8000080)', native=B67FC6C0)
F> F8000034 DiscImageDevice::ResolvePath()
F> F8000034 DiscImageDevice::ResolvePath()
F> F8000034 DiscImageDevice::ResolvePath()
F> F8000034 DiscImageDevice::ResolvePath(\contents.zzz)
F> F8000034 DiscImageDevice::ResolvePath(\contents.zzz.gz)
F> F8000034 DiscImageDevice::ResolvePath()
F> F8000034 DiscImageDevice::ResolvePath(\contents.zzz)
F> F8000034 DiscImageDevice::ResolvePath(\contents.zzz.gz)
F> F8000034 DiscImageDevice::ResolvePath()
i> 0100000C Loaded 0 shaders from storage
i> 0100000C Loaded 0 pipeline descriptions, 0 shader translations needed
i> 0024D2FD Cheap-skate exit!
